nohup: ignoring input
[I 2026-03-03 16:26:28.708 ServerApp] jupyter_lsp | extension was successfully linked.
[I 2026-03-03 16:26:28.717 ServerApp] jupyter_server_terminals | extension was successfully linked.
[I 2026-03-03 16:26:28.725 ServerApp] jupyterlab | extension was successfully linked.
[I 2026-03-03 16:26:28.732 ServerApp] notebook | extension was successfully linked.
[I 2026-03-03 16:26:29.030 ServerApp] notebook_shim | extension was successfully linked.
[I 2026-03-03 16:26:29.048 ServerApp] notebook_shim | extension was successfully loaded.
[I 2026-03-03 16:26:29.050 ServerApp] jupyter_lsp | extension was successfully loaded.
[I 2026-03-03 16:26:29.051 ServerApp] jupyter_server_terminals | extension was successfully loaded.
[I 2026-03-03 16:26:29.056 LabApp] JupyterLab extension loaded from /home/faculty/dmk333/miniforge3/envs/astronomy/lib/python3.11/site-packages/jupyterlab
[I 2026-03-03 16:26:29.056 LabApp] JupyterLab application directory is /home/faculty/dmk333/miniforge3/envs/astronomy/share/jupyter/lab
[I 2026-03-03 16:26:29.057 LabApp] Extension Manager is 'pypi'.
[I 2026-03-03 16:26:29.095 ServerApp] jupyterlab | extension was successfully loaded.
[I 2026-03-03 16:26:29.101 ServerApp] notebook | extension was successfully loaded.
[I 2026-03-03 16:26:29.102 ServerApp] Serving notebooks from local directory: /scratch/dmk333_new/Astronomy
[I 2026-03-03 16:26:29.102 ServerApp] Jupyter Server 2.17.0 is running at:
[I 2026-03-03 16:26:29.102 ServerApp] http://localhost:8888/lab?token=41dc01a3b4497cc30754579dae86298b25de30f46be40ec3
[I 2026-03-03 16:26:29.102 ServerApp]     http://127.0.0.1:8888/lab?token=41dc01a3b4497cc30754579dae86298b25de30f46be40ec3
[I 2026-03-03 16:26:29.102 ServerApp] Use Control-C to stop this server and shut down all kernels (twice to skip confirmation).
[C 2026-03-03 16:26:29.366 ServerApp] 
    
    To access the server, open this file in a browser:
        file:///home/faculty/dmk333/.local/share/jupyter/runtime/jpserver-2540697-open.html
    Or copy and paste one of these URLs:
        http://localhost:8888/lab?token=41dc01a3b4497cc30754579dae86298b25de30f46be40ec3
        http://127.0.0.1:8888/lab?token=41dc01a3b4497cc30754579dae86298b25de30f46be40ec3
[I 2026-03-03 16:26:29.530 ServerApp] Skipped non-installed server(s): basedpyright, bash-language-server, dockerfile-language-server-nodejs, javascript-typescript-langserver, jedi-language-server, julia-language-server, pyrefly, pyright, python-language-server, python-lsp-server, r-languageserver, sql-language-server, texlab, typescript-language-server, unified-language-server, vscode-css-languageserver-bin, vscode-html-languageserver-bin, vscode-json-languageserver-bin, yaml-language-server
Opening in existing browser session.
[W 2026-03-03 16:26:31.898 LabApp] Could not determine jupyterlab build status without nodejs
/home/faculty/dmk333/miniforge3/envs/astronomy/lib/python3.11/site-packages/nbformat/__init__.py:96: MissingIDFieldWarning: Cell is missing an id field, this will become a hard error in future nbformat versions. You may want to use `normalize()` on your notebooks before validations (available since nbformat 5.1.4). Previous versions of nbformat are fixing this issue transparently, and will stop doing so in the future.
  validate(nb)
[W 2026-03-03 16:26:32.374 ServerApp] Notebook sdss_spectra_clustering.ipynb is not trusted
[I 2026-03-03 16:26:33.017 ServerApp] Kernel started: cab8854f-818d-4359-b7df-e0239fc8e311
[I 2026-03-03 16:26:33.409 ServerApp] Adapting from protocol version 5.3 (kernel cab8854f-818d-4359-b7df-e0239fc8e311) to 5.4 (client).
[I 2026-03-03 16:26:33.410 ServerApp] Connecting to kernel cab8854f-818d-4359-b7df-e0239fc8e311.
[W 2026-03-03 16:26:33.412 ServerApp] The websocket_ping_timeout (90000) cannot be longer than the websocket_ping_interval (30000).
    Setting websocket_ping_timeout=30000
[I 2026-03-03 16:26:33.424 ServerApp] Adapting from protocol version 5.3 (kernel cab8854f-818d-4359-b7df-e0239fc8e311) to 5.4 (client).
[I 2026-03-03 16:26:33.428 ServerApp] Connecting to kernel cab8854f-818d-4359-b7df-e0239fc8e311.
[I 2026-03-03 16:26:33.440 ServerApp] Adapting from protocol version 5.3 (kernel cab8854f-818d-4359-b7df-e0239fc8e311) to 5.4 (client).
[I 2026-03-03 16:26:33.441 ServerApp] Connecting to kernel cab8854f-818d-4359-b7df-e0239fc8e311.
[I 2026-03-03 16:28:32.419 ServerApp] Saving file at /sdss_spectra_clustering.ipynb
[I 2026-03-03 16:30:32.456 ServerApp] Saving file at /sdss_spectra_clustering.ipynb
[I 2026-03-03 16:31:20.419 ServerApp] Kernel interrupted: cab8854f-818d-4359-b7df-e0239fc8e311
[I 2026-03-03 16:32:29.456 ServerApp] Kernel interrupted: cab8854f-818d-4359-b7df-e0239fc8e311
[I 2026-03-03 16:32:32.501 ServerApp] Saving file at /sdss_spectra_clustering.ipynb
[I 2026-03-03 16:34:32.544 ServerApp] Saving file at /sdss_spectra_clustering.ipynb
[I 2026-03-03 16:38:32.588 ServerApp] Saving file at /sdss_spectra_clustering.ipynb
[I 2026-03-03 17:00:32.633 ServerApp] Saving file at /sdss_spectra_clustering.ipynb
[I 2026-03-04 09:30:32.749 ServerApp] Saving file at /sdss_spectra_clustering.ipynb
[I 2026-03-04 09:32:32.805 ServerApp] Saving file at /sdss_spectra_clustering.ipynb
[I 2026-03-04 09:34:32.861 ServerApp] Saving file at /sdss_spectra_clustering.ipynb
[I 2026-03-04 09:36:32.917 ServerApp] Saving file at /sdss_spectra_clustering.ipynb
[I 2026-03-04 09:38:33.031 ServerApp] Saving file at /sdss_spectra_clustering.ipynb
[I 2026-03-04 09:40:33.156 ServerApp] Saving file at /sdss_spectra_clustering.ipynb
[I 2026-03-04 09:42:33.287 ServerApp] Saving file at /sdss_spectra_clustering.ipynb
[W 2026-03-04 16:38:52.209 ServerApp] Notebook exploratory_WISE/wise_data_preprocessing.ipynb is not trusted
[I 2026-03-04 16:38:52.503 ServerApp] Kernel started: b8ff2ee0-0e52-4600-8048-ea65ae58ed20
[I 2026-03-04 16:38:52.889 ServerApp] Adapting from protocol version 5.3 (kernel b8ff2ee0-0e52-4600-8048-ea65ae58ed20) to 5.4 (client).
[I 2026-03-04 16:38:52.891 ServerApp] Connecting to kernel b8ff2ee0-0e52-4600-8048-ea65ae58ed20.
[I 2026-03-04 16:40:52.281 ServerApp] Saving file at /exploratory_WISE/wise_data_preprocessing.ipynb
[W 2026-03-04 16:41:39.245 ServerApp] Notebook wise_data_preprocessing.ipynb is not trusted
[I 2026-03-04 16:41:39.453 ServerApp] Kernel started: 1ce2d18d-6ccb-43cb-a94f-ab8bd996322e
[I 2026-03-04 16:41:39.861 ServerApp] Adapting from protocol version 5.3 (kernel 1ce2d18d-6ccb-43cb-a94f-ab8bd996322e) to 5.4 (client).
[I 2026-03-04 16:41:39.863 ServerApp] Connecting to kernel 1ce2d18d-6ccb-43cb-a94f-ab8bd996322e.
[I 2026-03-04 16:43:39.343 ServerApp] Saving file at /wise_data_preprocessing.ipynb
[I 2026-03-04 16:47:59.717 ServerApp] Starting buffering for 1ce2d18d-6ccb-43cb-a94f-ab8bd996322e:c48eeaae-810a-4d1a-8674-6fcba7df3d47
[I 2026-03-04 16:48:01.926 ServerApp] Starting buffering for b8ff2ee0-0e52-4600-8048-ea65ae58ed20:84bf61d7-1afa-49f0-b34e-a7befa09b880
[W 2026-03-04 16:48:21.578 ServerApp] Notebook wise_data_preprocessing.ipynb is not trusted
[I 2026-03-04 16:48:21.740 ServerApp] Adapting from protocol version 5.3 (kernel 1ce2d18d-6ccb-43cb-a94f-ab8bd996322e) to 5.4 (client).
[I 2026-03-04 16:48:21.741 ServerApp] Connecting to kernel 1ce2d18d-6ccb-43cb-a94f-ab8bd996322e.
[I 2026-03-04 16:50:21.637 ServerApp] Saving file at /wise_data_preprocessing.ipynb
[I 2026-03-04 16:51:30.206 ServerApp] Starting buffering for 1ce2d18d-6ccb-43cb-a94f-ab8bd996322e:599eea88-18da-4486-9dfe-e67a0b6a8bf9
[W 2026-03-04 16:51:33.728 ServerApp] Notebook wise_data_preprocessing.ipynb is not trusted
[I 2026-03-04 16:51:33.879 ServerApp] Adapting from protocol version 5.3 (kernel 1ce2d18d-6ccb-43cb-a94f-ab8bd996322e) to 5.4 (client).
[I 2026-03-04 16:51:33.880 ServerApp] Connecting to kernel 1ce2d18d-6ccb-43cb-a94f-ab8bd996322e.
[I 2026-03-04 16:52:01.774 ServerApp] Starting buffering for 1ce2d18d-6ccb-43cb-a94f-ab8bd996322e:fdc545c4-eaf7-48cc-9b2a-8f1421efaac5
[W 2026-03-04 16:52:10.903 ServerApp] Notebook wise_data_preprocessing.ipynb is not trusted
[I 2026-03-04 16:52:11.051 ServerApp] Adapting from protocol version 5.3 (kernel 1ce2d18d-6ccb-43cb-a94f-ab8bd996322e) to 5.4 (client).
[I 2026-03-04 16:52:11.052 ServerApp] Connecting to kernel 1ce2d18d-6ccb-43cb-a94f-ab8bd996322e.
[I 2026-03-04 16:54:10.957 ServerApp] Saving file at /wise_data_preprocessing.ipynb
[I 2026-03-04 16:55:24.164 ServerApp] Starting buffering for 1ce2d18d-6ccb-43cb-a94f-ab8bd996322e:d3f44569-9113-40ff-b6a1-666191d94f21
[I 2026-03-04 16:55:41.382 ServerApp] Kernel shutdown: 1ce2d18d-6ccb-43cb-a94f-ab8bd996322e
[W 2026-03-04 16:55:45.412 ServerApp] delete /wise_data_preprocessing.ipynb
[W 2026-03-04 16:55:53.956 ServerApp] Notebook wise_data_preprocessing.ipynb is not trusted
[I 2026-03-04 16:55:54.212 ServerApp] Kernel started: 0622afe4-05a7-402d-88c0-4ae756a57534
[I 2026-03-04 16:55:55.425 ServerApp] Adapting from protocol version 5.3 (kernel 0622afe4-05a7-402d-88c0-4ae756a57534) to 5.4 (client).
[I 2026-03-04 16:55:55.426 ServerApp] Connecting to kernel 0622afe4-05a7-402d-88c0-4ae756a57534.
[I 2026-03-04 16:57:54.008 ServerApp] Saving file at /wise_data_preprocessing.ipynb
[I 2026-03-05 09:50:03.130 ServerApp] Saving file at /wise_data_preprocessing.ipynb
[I 2026-03-05 09:52:03.166 ServerApp] Saving file at /wise_data_preprocessing.ipynb
[I 2026-03-05 09:54:03.457 ServerApp] Saving file at /wise_data_preprocessing.ipynb
[I 2026-03-05 09:58:03.131 ServerApp] Starting buffering for 0622afe4-05a7-402d-88c0-4ae756a57534:5701f311-7fc6-41b9-a645-ad9da2e9aae8
[I 2026-03-05 09:58:08.217 ServerApp] Kernel shutdown: 0622afe4-05a7-402d-88c0-4ae756a57534
[W 2026-03-05 09:58:08.942 ServerApp] delete /wise_data_preprocessing.ipynb
[W 2026-03-05 09:58:16.989 ServerApp] Notebook wise_data_preprocessing.ipynb is not trusted
[I 2026-03-05 09:58:17.189 ServerApp] Kernel started: 55517f9f-74cb-4ed6-bd21-4822f53a72aa
[I 2026-03-05 09:58:17.907 ServerApp] Adapting from protocol version 5.3 (kernel 55517f9f-74cb-4ed6-bd21-4822f53a72aa) to 5.4 (client).
[I 2026-03-05 09:58:17.909 ServerApp] Connecting to kernel 55517f9f-74cb-4ed6-bd21-4822f53a72aa.
[I 2026-03-05 09:59:19.747 ServerApp] Kernel interrupted: 55517f9f-74cb-4ed6-bd21-4822f53a72aa
[I 2026-03-05 09:59:22.054 ServerApp] Kernel interrupted: 55517f9f-74cb-4ed6-bd21-4822f53a72aa
[I 2026-03-05 09:59:22.582 ServerApp] Kernel interrupted: 55517f9f-74cb-4ed6-bd21-4822f53a72aa
[I 2026-03-05 09:59:30.286 ServerApp] Kernel restarted: 55517f9f-74cb-4ed6-bd21-4822f53a72aa
[I 2026-03-05 09:59:30.289 ServerApp] Starting buffering for 55517f9f-74cb-4ed6-bd21-4822f53a72aa:e61b31bf-57b9-4dd5-9b2f-d56983e2643b
[I 2026-03-05 09:59:30.292 ServerApp] Adapting from protocol version 5.3 (kernel 55517f9f-74cb-4ed6-bd21-4822f53a72aa) to 5.4 (client).
[I 2026-03-05 09:59:30.292 ServerApp] Connecting to kernel 55517f9f-74cb-4ed6-bd21-4822f53a72aa.
[I 2026-03-05 09:59:30.292 ServerApp] Restoring connection for 55517f9f-74cb-4ed6-bd21-4822f53a72aa:e61b31bf-57b9-4dd5-9b2f-d56983e2643b
[I 2026-03-05 10:00:17.053 ServerApp] Saving file at /wise_data_preprocessing.ipynb
[I 2026-03-05 10:02:17.093 ServerApp] Saving file at /wise_data_preprocessing.ipynb
[I 2026-03-05 10:46:17.130 ServerApp] Saving file at /wise_data_preprocessing.ipynb
[I 2026-03-05 10:54:17.350 ServerApp] Saving file at /wise_data_preprocessing.ipynb
[I 2026-03-05 14:24:17.401 ServerApp] Saving file at /wise_data_preprocessing.ipynb
[I 2026-03-05 14:28:17.439 ServerApp] Saving file at /wise_data_preprocessing.ipynb
[I 2026-03-05 14:30:17.476 ServerApp] Saving file at /wise_data_preprocessing.ipynb
[I 2026-03-05 14:34:17.518 ServerApp] Saving file at /wise_data_preprocessing.ipynb
[W 2026-03-05 15:01:16.585 ServerApp] Notebook reproduce_figure3_ppplot.ipynb is not trusted
[I 2026-03-05 15:01:16.993 ServerApp] Kernel started: fd9d500f-0992-47ca-9811-ee315659178f
[I 2026-03-05 15:01:17.906 ServerApp] Adapting from protocol version 5.3 (kernel fd9d500f-0992-47ca-9811-ee315659178f) to 5.4 (client).
[I 2026-03-05 15:01:17.908 ServerApp] Connecting to kernel fd9d500f-0992-47ca-9811-ee315659178f.
[I 2026-03-05 15:03:16.655 ServerApp] Saving file at /reproduce_figure3_ppplot.ipynb
[I 2026-03-05 16:20:18.865 ServerApp] Kernel shutdown: cab8854f-818d-4359-b7df-e0239fc8e311
[I 2026-03-05 16:20:18.869 ServerApp] Kernel shutdown: 55517f9f-74cb-4ed6-bd21-4822f53a72aa
[I 2026-03-05 16:20:18.869 ServerApp] Kernel shutdown: fd9d500f-0992-47ca-9811-ee315659178f
[I 2026-03-05 16:20:18.870 ServerApp] Kernel shutdown: b8ff2ee0-0e52-4600-8048-ea65ae58ed20
[I 2026-03-05 16:20:24.066 ServerApp] Kernel started: 003990fa-2512-44ca-ac99-68be641d8dc5
[I 2026-03-05 16:20:24.754 ServerApp] Adapting from protocol version 5.3 (kernel 003990fa-2512-44ca-ac99-68be641d8dc5) to 5.4 (client).
[I 2026-03-05 16:20:24.755 ServerApp] Connecting to kernel 003990fa-2512-44ca-ac99-68be641d8dc5.
[I 2026-03-05 16:21:16.704 ServerApp] Saving file at /reproduce_figure3_ppplot.ipynb
[I 2026-03-05 16:23:16.745 ServerApp] Saving file at /reproduce_figure3_ppplot.ipynb
[I 2026-03-05 16:25:16.785 ServerApp] Saving file at /reproduce_figure3_ppplot.ipynb
[I 2026-03-05 18:09:16.826 ServerApp] Saving file at /reproduce_figure3_ppplot.ipynb
[I 2026-03-05 18:10:45.519 ServerApp] Kernel shutdown: 003990fa-2512-44ca-ac99-68be641d8dc5
[W 2026-03-05 18:10:46.744 ServerApp] delete /reproduce_figure3_ppplot.ipynb
[I 2026-03-05 18:11:01.966 ServerApp] Kernel started: 66f61ec0-cbac-4395-b70d-f8412f17617b
[I 2026-03-05 18:11:02.401 ServerApp] Adapting from protocol version 5.3 (kernel 66f61ec0-cbac-4395-b70d-f8412f17617b) to 5.4 (client).
[I 2026-03-05 18:11:02.402 ServerApp] Connecting to kernel 66f61ec0-cbac-4395-b70d-f8412f17617b.
[I 2026-03-05 18:13:02.347 ServerApp] Saving file at /reproduce_figure3_ppplot.ipynb
[I 2026-03-05 18:15:02.378 ServerApp] Saving file at /reproduce_figure3_ppplot.ipynb
[I 2026-03-05 18:17:02.431 ServerApp] Saving file at /reproduce_figure3_ppplot.ipynb
[I 2026-03-05 18:19:02.468 ServerApp] Saving file at /reproduce_figure3_ppplot.ipynb
[I 2026-03-06 10:30:59.954 ServerApp] Starting buffering for 66f61ec0-cbac-4395-b70d-f8412f17617b:a6d3882c-713f-439e-9923-ff46d42422dc
[W 2026-03-06 10:31:32.152 ServerApp] Notebook sdss_data_preprocessing.ipynb is not trusted
[I 2026-03-06 10:31:32.420 ServerApp] Kernel started: 006908b4-2a6c-4c57-bda0-dbaaf6951693
[I 2026-03-06 10:31:33.106 ServerApp] Adapting from protocol version 5.3 (kernel 006908b4-2a6c-4c57-bda0-dbaaf6951693) to 5.4 (client).
[I 2026-03-06 10:31:33.107 ServerApp] Connecting to kernel 006908b4-2a6c-4c57-bda0-dbaaf6951693.
[I 2026-03-06 10:33:32.227 ServerApp] Saving file at /sdss_data_preprocessing.ipynb
[I 2026-03-06 11:15:32.269 ServerApp] Saving file at /sdss_data_preprocessing.ipynb
[I 2026-03-06 11:17:32.317 ServerApp] Saving file at /sdss_data_preprocessing.ipynb
[W 2026-03-06 11:26:46.630 ServerApp] Notebook reproduce_figure3_ppplot.ipynb is not trusted
[I 2026-03-06 11:26:46.862 ServerApp] Adapting from protocol version 5.3 (kernel 66f61ec0-cbac-4395-b70d-f8412f17617b) to 5.4 (client).
[I 2026-03-06 11:26:46.863 ServerApp] Connecting to kernel 66f61ec0-cbac-4395-b70d-f8412f17617b.
[I 2026-03-06 11:27:32.376 ServerApp] Saving file at /sdss_data_preprocessing.ipynb
[I 2026-03-06 11:28:46.776 ServerApp] Saving file at /reproduce_figure3_ppplot.ipynb
[I 2026-03-06 11:30:46.813 ServerApp] Saving file at /reproduce_figure3_ppplot.ipynb
[I 2026-03-06 11:32:46.852 ServerApp] Saving file at /reproduce_figure3_ppplot.ipynb
[I 2026-03-06 11:34:46.895 ServerApp] Saving file at /reproduce_figure3_ppplot.ipynb
[I 2026-03-06 12:05:32.537 ServerApp] Saving file at /sdss_data_preprocessing.ipynb
[I 2026-03-06 12:06:18.427 ServerApp] Saving file at /wise_data_preprocessing.ipynb
[I 2026-03-06 13:53:12.405 ServerApp] Kernel interrupted: 006908b4-2a6c-4c57-bda0-dbaaf6951693
[I 2026-03-06 13:53:12.962 ServerApp] Kernel interrupted: 006908b4-2a6c-4c57-bda0-dbaaf6951693
[I 2026-03-06 13:53:19.001 ServerApp] Kernel shutdown: 66f61ec0-cbac-4395-b70d-f8412f17617b
[I 2026-03-06 13:53:19.003 ServerApp] Kernel shutdown: 006908b4-2a6c-4c57-bda0-dbaaf6951693
[W 2026-03-06 13:53:48.648 ServerApp] Notebook sdss_data_preprocessing.ipynb is not trusted
[I 2026-03-06 13:53:48.807 ServerApp] Kernel started: 2a237a54-263c-4c91-84a3-050b36b9fe48
[I 2026-03-06 13:53:49.421 ServerApp] Adapting from protocol version 5.3 (kernel 2a237a54-263c-4c91-84a3-050b36b9fe48) to 5.4 (client).
[I 2026-03-06 13:53:49.422 ServerApp] Connecting to kernel 2a237a54-263c-4c91-84a3-050b36b9fe48.
[W 2026-03-06 13:53:59.476 ServerApp] Notebook data_download.ipynb is not trusted
[I 2026-03-06 13:53:59.651 ServerApp] Kernel started: a306db4e-a334-4ad9-95b3-d2db99c4946a
[I 2026-03-06 13:54:00.053 ServerApp] Adapting from protocol version 5.3 (kernel a306db4e-a334-4ad9-95b3-d2db99c4946a) to 5.4 (client).
[I 2026-03-06 13:54:00.054 ServerApp] Connecting to kernel a306db4e-a334-4ad9-95b3-d2db99c4946a.
[I 2026-03-06 13:55:48.700 ServerApp] Saving file at /sdss_data_preprocessing.ipynb
[I 2026-03-06 13:55:59.521 ServerApp] Saving file at /data_download.ipynb
[I 2026-03-06 14:17:59.558 ServerApp] Saving file at /data_download.ipynb
[I 2026-03-06 14:19:05.974 ServerApp] Starting buffering for a306db4e-a334-4ad9-95b3-d2db99c4946a:8577a659-f25c-4d2f-a372-d5bebebdbf7d
[W 2026-03-06 14:19:14.717 ServerApp] Notebook data_download.ipynb is not trusted
[I 2026-03-06 14:19:14.893 ServerApp] Adapting from protocol version 5.3 (kernel a306db4e-a334-4ad9-95b3-d2db99c4946a) to 5.4 (client).
[I 2026-03-06 14:19:14.894 ServerApp] Connecting to kernel a306db4e-a334-4ad9-95b3-d2db99c4946a.
[I 2026-03-06 14:19:58.903 ServerApp] Kernel shutdown: a306db4e-a334-4ad9-95b3-d2db99c4946a
[W 2026-03-06 14:19:59.428 ServerApp] delete /data_download.ipynb
[W 2026-03-06 14:20:16.089 ServerApp] Notebook data_download.ipynb is not trusted
[I 2026-03-06 14:20:16.317 ServerApp] Kernel started: edca3824-c1e1-492d-ad9c-1be300c83cfb
[I 2026-03-06 14:20:16.828 ServerApp] Adapting from protocol version 5.3 (kernel edca3824-c1e1-492d-ad9c-1be300c83cfb) to 5.4 (client).
[I 2026-03-06 14:20:16.829 ServerApp] Connecting to kernel edca3824-c1e1-492d-ad9c-1be300c83cfb.
[I 2026-03-06 14:22:16.138 ServerApp] Saving file at /data_download.ipynb
[I 2026-03-06 14:24:16.167 ServerApp] Saving file at /data_download.ipynb
[W 2026-03-06 14:28:48.470 ServerApp] 404 GET /api/contents/scratch/dmk333_new/Astronomy_claude_code/data_download.ipynb?content=0&hash=0&1772825328468 (81d74bee5c9443e19d79c2ffeab7d718@127.0.0.1) 1.10ms referer=http://localhost:8888/lab/tree/data_download.ipynb
[W 2026-03-06 14:28:48.471 ServerApp] 404 GET /api/contents/scratch/dmk333_new/Astronomy_claude_code/data_download.ipynb?content=0&hash=0&1772825328468 (127.0.0.1): No such file or directory: scratch/dmk333_new/Astronomy_claude_code/data_download.ipynb
[I 2026-03-06 14:56:51.164 ServerApp] Starting buffering for edca3824-c1e1-492d-ad9c-1be300c83cfb:b5562373-3aad-40cb-b146-e6ea34bfe01e
[I 2026-03-06 14:56:57.920 ServerApp] Kernel shutdown: edca3824-c1e1-492d-ad9c-1be300c83cfb
[W 2026-03-06 14:56:58.443 ServerApp] delete /data_download.ipynb
[W 2026-03-06 14:57:07.376 ServerApp] Notebook data_download.ipynb is not trusted
[I 2026-03-06 14:57:07.605 ServerApp] Kernel started: 67d3059f-8157-4434-b4fb-1efc250c0733
[I 2026-03-06 14:57:08.117 ServerApp] Adapting from protocol version 5.3 (kernel 67d3059f-8157-4434-b4fb-1efc250c0733) to 5.4 (client).
[I 2026-03-06 14:57:08.118 ServerApp] Connecting to kernel 67d3059f-8157-4434-b4fb-1efc250c0733.
[I 2026-03-06 14:59:08.344 ServerApp] Saving file at /data_download.ipynb
[I 2026-03-06 15:02:50.955 ServerApp] Starting buffering for 67d3059f-8157-4434-b4fb-1efc250c0733:1d372f20-29f1-4139-ac47-7688ce7a1d98
[I 2026-03-06 15:17:53.719 ServerApp] Starting buffering for 2a237a54-263c-4c91-84a3-050b36b9fe48:1dae7871-e36a-4fc9-a429-e50b40a094a8
[W 2026-03-06 15:18:01.691 ServerApp] Notebook data_download.ipynb is not trusted
[I 2026-03-06 15:18:01.891 ServerApp] Adapting from protocol version 5.3 (kernel 67d3059f-8157-4434-b4fb-1efc250c0733) to 5.4 (client).
[I 2026-03-06 15:18:01.891 ServerApp] Connecting to kernel 67d3059f-8157-4434-b4fb-1efc250c0733.
[I 2026-03-06 15:20:01.745 ServerApp] Saving file at /data_download.ipynb
[I 2026-03-06 15:22:01.782 ServerApp] Saving file at /data_download.ipynb
[I 2026-03-06 15:24:01.815 ServerApp] Saving file at /data_download.ipynb
[I 2026-03-06 15:26:01.846 ServerApp] Saving file at /data_download.ipynb
--- Logging error ---
[E 2026-03-06 15:26:01.853 ServerApp] Error while saving file: data_download.ipynb [Errno 28] No space left on device: '/scratch/dmk333_new/Astronomy/data_download.ipynb' -> '/scratch/dmk333_new/Astronomy/.~data_download.ipynb'
    Traceback (most recent call last):
      File "/home/faculty/dmk333/miniforge3/envs/astronomy/lib/python3.11/site-packages/jupyter_server/services/contents/filemanager.py", line 965, in save
        await self._save_notebook(os_path, nb, capture_validation_error=validation_error)
      File "/home/faculty/dmk333/miniforge3/envs/astronomy/lib/python3.11/site-packages/jupyter_server/services/contents/fileio.py", line 514, in _save_notebook
        with self.atomic_writing(os_path, encoding="utf-8") as f:
      File "/home/faculty/dmk333/miniforge3/envs/astronomy/lib/python3.11/contextlib.py", line 137, in __enter__
        return next(self.gen)
               ^^^^^^^^^^^^^^
      File "/home/faculty/dmk333/miniforge3/envs/astronomy/lib/python3.11/site-packages/jupyter_server/services/contents/fileio.py", line 246, in atomic_writing
        with atomic_writing(os_path, *args, **kwargs) as f:
      File "/home/faculty/dmk333/miniforge3/envs/astronomy/lib/python3.11/contextlib.py", line 137, in __enter__
        return next(self.gen)
               ^^^^^^^^^^^^^^
      File "/home/faculty/dmk333/miniforge3/envs/astronomy/lib/python3.11/site-packages/jupyter_server/services/contents/fileio.py", line 133, in atomic_writing
        copy2_safe(path, tmp_path, log=log)
      File "/home/faculty/dmk333/miniforge3/envs/astronomy/lib/python3.11/site-packages/jupyter_server/services/contents/fileio.py", line 48, in copy2_safe
        shutil.copyfile(src, dst)
      File "/home/faculty/dmk333/miniforge3/envs/astronomy/lib/python3.11/shutil.py", line 269, in copyfile
        _fastcopy_sendfile(fsrc, fdst)
      File "/home/faculty/dmk333/miniforge3/envs/astronomy/lib/python3.11/shutil.py", line 158, in _fastcopy_sendfile
        raise err from None
      File "/home/faculty/dmk333/miniforge3/envs/astronomy/lib/python3.11/shutil.py", line 144, in _fastcopy_sendfile
        sent = os.sendfile(outfd, infd, offset, blocksize)
               ^^^^^^^^^^^^^^^^^^^^^^^^^^^^^^^^^^^^^^^^^^^
    OSError: [Errno 28] No space left on device: '/scratch/dmk333_new/Astronomy/data_download.ipynb' -> '/scratch/dmk333_new/Astronomy/.~data_download.ipynb'
--- Logging error ---
[W 2026-03-06 15:26:01.856 ServerApp] 500 PUT /api/contents/data_download.ipynb?1772828761843 (127.0.0.1): Unexpected error while saving file: data_download.ipynb [Errno 28] No space left on device: '/scratch/dmk333_new/Astronomy/data_download.ipynb' -> '/scratch/dmk333_new/Astronomy/.~data_download.ipynb'
--- Logging error ---
--- Logging error ---
[E 2026-03-06 15:26:01.859 ServerApp] {
      "Host": "localhost:8888",
      "Accept": "*/*",
      "Referer": "http://localhost:8888/lab/tree/data_download.ipynb",
      "User-Agent": "Mozilla/5.0 (X11; Linux x86_64) AppleWebKit/537.36 (KHTML, like Gecko) Chrome/145.0.0.0 Safari/537.36"
    }
--- Logging error ---
[E 2026-03-06 15:26:01.859 ServerApp] 500 PUT /api/contents/data_download.ipynb?1772828761843 (81d74bee5c9443e19d79c2ffeab7d718@127.0.0.1) 14.48ms referer=http://localhost:8888/lab/tree/data_download.ipynb
--- Logging error ---
[I 2026-03-06 15:28:01.846 ServerApp] Saving file at /data_download.ipynb
--- Logging error ---
--- Logging error ---
[W 2026-03-06 15:28:01.852 ServerApp] 500 PUT /api/contents/data_download.ipynb?1772828881843 (127.0.0.1): Unexpected error while saving file: data_download.ipynb [Errno 28] No space left on device: '/scratch/dmk333_new/Astronomy/data_download.ipynb' -> '/scratch/dmk333_new/Astronomy/.~data_download.ipynb'
--- Logging error ---
--- Logging error ---
--- Logging error ---
--- Logging error ---
[I 2026-03-06 15:30:01.846 ServerApp] Saving file at /data_download.ipynb
[I 2026-03-06 15:36:27.903 ServerApp] Saving file at /data_download.ipynb
[I 2026-03-06 15:38:27.940 ServerApp] Saving file at /data_download.ipynb
[I 2026-03-06 15:40:27.975 ServerApp] Saving file at /data_download.ipynb
[I 2026-03-06 15:41:23.556 ServerApp] Saving file at /data_download.ipynb
[I 2026-03-06 20:53:38.059 ServerApp] 302 GET / (@127.0.0.1) 0.63ms
[I 2026-03-06 20:53:38.143 LabApp] 302 GET /lab? (@127.0.0.1) 0.90ms
[W 2026-03-06 20:54:11.399 LabApp] Could not determine jupyterlab build status without nodejs
[I 2026-03-06 20:54:11.461 ServerApp] Adapting from protocol version 5.3 (kernel 2a237a54-263c-4c91-84a3-050b36b9fe48) to 5.4 (client).
[I 2026-03-06 20:54:11.461 ServerApp] Connecting to kernel 2a237a54-263c-4c91-84a3-050b36b9fe48.
[I 2026-03-06 20:54:11.470 ServerApp] Adapting from protocol version 5.3 (kernel 67d3059f-8157-4434-b4fb-1efc250c0733) to 5.4 (client).
[I 2026-03-06 20:54:11.470 ServerApp] Connecting to kernel 67d3059f-8157-4434-b4fb-1efc250c0733.
[I 2026-03-06 20:54:11.967 ServerApp] Starting buffering for 2a237a54-263c-4c91-84a3-050b36b9fe48:3aaea866-b677-46e8-82c9-0cc95e52eba6
[W 2026-03-06 20:54:13.223 ServerApp] 404 GET /api/contents/exploratory_WISE?content=0&hash=0&1772848453078 (c58a10a12ed84e67bcea2ec87a1fc9ba@127.0.0.1) 2.24ms referer=http://localhost:8888/lab
[W 2026-03-06 20:54:13.223 ServerApp] 404 GET /api/contents/exploratory_WISE?content=0&hash=0&1772848453078 (127.0.0.1): No such file or directory: exploratory_WISE
[W 2026-03-06 20:54:13.226 ServerApp] 404 GET /api/contents/exploratory_WISE/wise_data_preprocessing.ipynb?content=0&hash=0&1772848453078 (c58a10a12ed84e67bcea2ec87a1fc9ba@127.0.0.1) 2.74ms referer=http://localhost:8888/lab
[W 2026-03-06 20:54:13.226 ServerApp] 404 GET /api/contents/exploratory_WISE/wise_data_preprocessing.ipynb?content=0&hash=0&1772848453078 (127.0.0.1): No such file or directory: exploratory_WISE/wise_data_preprocessing.ipynb
[W 2026-03-06 20:54:13.228 ServerApp] 404 GET /api/contents/sdss_spectra_clustering.ipynb?content=0&hash=0&1772848453078 (c58a10a12ed84e67bcea2ec87a1fc9ba@127.0.0.1) 1.89ms referer=http://localhost:8888/lab
[W 2026-03-06 20:54:13.228 ServerApp] 404 GET /api/contents/sdss_spectra_clustering.ipynb?content=0&hash=0&1772848453078 (127.0.0.1): No such file or directory: sdss_spectra_clustering.ipynb
[W 2026-03-06 20:54:13.234 ServerApp] 404 GET /api/contents/sdss_spectra_clustering.ipynb?content=0&hash=0&1772848453079 (c58a10a12ed84e67bcea2ec87a1fc9ba@127.0.0.1) 2.81ms referer=http://localhost:8888/lab
[W 2026-03-06 20:54:13.234 ServerApp] 404 GET /api/contents/sdss_spectra_clustering.ipynb?content=0&hash=0&1772848453079 (127.0.0.1): No such file or directory: sdss_spectra_clustering.ipynb
[W 2026-03-06 20:54:13.235 ServerApp] 404 GET /api/contents/exploratory_WISE/wise_data_preprocessing.ipynb?content=0&hash=0&1772848453079 (c58a10a12ed84e67bcea2ec87a1fc9ba@127.0.0.1) 1.99ms referer=http://localhost:8888/lab
[W 2026-03-06 20:54:13.235 ServerApp] 404 GET /api/contents/exploratory_WISE/wise_data_preprocessing.ipynb?content=0&hash=0&1772848453079 (127.0.0.1): No such file or directory: exploratory_WISE/wise_data_preprocessing.ipynb
[I 2026-03-06 20:54:14.540 ServerApp] Adapting from protocol version 5.3 (kernel 67d3059f-8157-4434-b4fb-1efc250c0733) to 5.4 (client).
[I 2026-03-06 20:54:14.541 ServerApp] Connecting to kernel 67d3059f-8157-4434-b4fb-1efc250c0733.
[I 2026-03-06 20:54:20.995 ServerApp] Adapting from protocol version 5.3 (kernel 2a237a54-263c-4c91-84a3-050b36b9fe48) to 5.4 (client).
[I 2026-03-06 20:54:20.996 ServerApp] Connecting to kernel 2a237a54-263c-4c91-84a3-050b36b9fe48.
[W 2026-03-06 20:55:42.093 ServerApp] Notebook wise_data_preprocessing.ipynb is not trusted
[I 2026-03-06 20:55:42.349 ServerApp] Kernel started: a9cd51f2-7667-46c3-8d83-9cc2912f4e16
[I 2026-03-06 20:55:43.013 ServerApp] Adapting from protocol version 5.3 (kernel a9cd51f2-7667-46c3-8d83-9cc2912f4e16) to 5.4 (client).
[I 2026-03-06 20:55:43.014 ServerApp] Connecting to kernel a9cd51f2-7667-46c3-8d83-9cc2912f4e16.
[I 2026-03-06 20:56:48.305 ServerApp] Saving file at /sdss_data_preprocessing.ipynb
[I 2026-03-06 20:57:28.440 LabApp] 302 GET /lab/tree/sdss_data_preprocessing.ipynb (@127.0.0.1) 1.00ms
[I 2026-03-06 20:57:42.166 ServerApp] Saving file at /wise_data_preprocessing.ipynb
[W 2026-03-06 20:58:11.591 LabApp] Could not determine jupyterlab build status without nodejs
[I 2026-03-06 20:58:11.627 ServerApp] Adapting from protocol version 5.3 (kernel 2a237a54-263c-4c91-84a3-050b36b9fe48) to 5.4 (client).
[I 2026-03-06 20:58:11.627 ServerApp] Connecting to kernel 2a237a54-263c-4c91-84a3-050b36b9fe48.
[I 2026-03-06 20:58:11.741 ServerApp] Adapting from protocol version 5.3 (kernel 67d3059f-8157-4434-b4fb-1efc250c0733) to 5.4 (client).
[I 2026-03-06 20:58:11.742 ServerApp] Connecting to kernel 67d3059f-8157-4434-b4fb-1efc250c0733.
[I 2026-03-06 20:58:11.851 ServerApp] Adapting from protocol version 5.3 (kernel a9cd51f2-7667-46c3-8d83-9cc2912f4e16) to 5.4 (client).
[I 2026-03-06 20:58:11.851 ServerApp] Connecting to kernel a9cd51f2-7667-46c3-8d83-9cc2912f4e16.
[I 2026-03-06 20:58:12.864 ServerApp] Adapting from protocol version 5.3 (kernel 67d3059f-8157-4434-b4fb-1efc250c0733) to 5.4 (client).
[I 2026-03-06 20:58:12.865 ServerApp] Connecting to kernel 67d3059f-8157-4434-b4fb-1efc250c0733.
[I 2026-03-06 20:58:12.980 ServerApp] Adapting from protocol version 5.3 (kernel a9cd51f2-7667-46c3-8d83-9cc2912f4e16) to 5.4 (client).
[I 2026-03-06 20:58:12.981 ServerApp] Connecting to kernel a9cd51f2-7667-46c3-8d83-9cc2912f4e16.
[I 2026-03-06 20:58:13.096 ServerApp] Adapting from protocol version 5.3 (kernel 2a237a54-263c-4c91-84a3-050b36b9fe48) to 5.4 (client).
[I 2026-03-06 20:58:13.097 ServerApp] Connecting to kernel 2a237a54-263c-4c91-84a3-050b36b9fe48.
[I 2026-03-06 20:58:59.356 ServerApp] Kernel started: d16f4b88-54fe-4fce-aedd-ff6c9e9354c9
[I 2026-03-06 20:58:59.762 ServerApp] Adapting from protocol version 5.3 (kernel d16f4b88-54fe-4fce-aedd-ff6c9e9354c9) to 5.4 (client).
[I 2026-03-06 20:58:59.763 ServerApp] Connecting to kernel d16f4b88-54fe-4fce-aedd-ff6c9e9354c9.
[I 2026-03-06 21:01:00.073 ServerApp] Saving file at /reproduce_figure3_ppplot.ipynb
[I 2026-03-06 21:02:12.292 ServerApp] Saving file at /data_download.ipynb
[I 2026-03-06 21:04:12.480 ServerApp] Saving file at /data_download.ipynb
[I 2026-03-06 22:06:54.658 ServerApp] Saving file at /data_download.ipynb
[I 2026-03-06 22:08:55.210 ServerApp] Saving file at /sdss_data_preprocessing.ipynb
[I 2026-03-06 22:08:55.518 ServerApp] Saving file at /data_download.ipynb
[W 2026-03-06 22:08:55.536 ServerApp] /scratch/dmk333_new/Astronomy/.~data_download.ipynb doesn't exist
[I 2026-03-06 22:09:59.990 ServerApp] Saving file at /sdss_data_preprocessing.ipynb
[I 2026-03-06 22:10:54.642 ServerApp] Saving file at /wise_data_preprocessing.ipynb
[I 2026-03-06 22:12:55.235 ServerApp] Saving file at /wise_data_preprocessing.ipynb
[I 2026-03-06 22:14:55.912 ServerApp] Saving file at /data_download.ipynb
[I 2026-03-06 22:16:55.820 ServerApp] Saving file at /wise_data_preprocessing.ipynb
[I 2026-03-06 22:16:56.304 ServerApp] Saving file at /data_download.ipynb
[I 2026-03-06 22:18:26.219 ServerApp] Saving file at /wise_data_preprocessing.ipynb
[I 2026-03-06 22:18:55.183 ServerApp] Saving file at /reproduce_figure3_ppplot.ipynb
[I 2026-03-06 22:20:56.488 ServerApp] Saving file at /reproduce_figure3_ppplot.ipynb
[I 2026-03-06 22:22:56.657 ServerApp] Saving file at /data_download.ipynb
[I 2026-03-06 22:24:57.032 ServerApp] Saving file at /data_download.ipynb
[I 2026-03-06 22:38:57.436 ServerApp] Saving file at /data_download.ipynb
[I 2026-03-06 22:56:58.374 ServerApp] Saving file at /data_download.ipynb
[I 2026-03-06 23:03:00.377 ServerApp] Saving file at /data_download.ipynb
[I 2026-03-06 23:09:00.728 ServerApp] Saving file at /data_download.ipynb
[I 2026-03-06 23:10:15.795 ServerApp] Saving file at /data_download.ipynb
[I 2026-03-06 23:10:23.063 ServerApp] Saving file at /data_download.ipynb
[I 2026-03-06 23:11:54.299 ServerApp] Saving file at /sdss_data_preprocessing.ipynb
[I 2026-03-06 23:11:54.354 ServerApp] Saving file at /wise_data_preprocessing.ipynb
[I 2026-03-06 23:12:16.196 ServerApp] Saving file at /data_download.ipynb
[I 2026-03-06 23:13:25.135 ServerApp] Saving file at /wise_data_preprocessing.ipynb
[I 2026-03-06 23:13:55.328 ServerApp] Saving file at /reproduce_figure3_ppplot.ipynb
[I 2026-03-06 23:15:25.382 ServerApp] Saving file at /wise_data_preprocessing.ipynb
[I 2026-03-06 23:15:54.850 ServerApp] Saving file at /sdss_data_preprocessing.ipynb
[I 2026-03-06 23:15:56.542 ServerApp] Saving file at /reproduce_figure3_ppplot.ipynb
[I 2026-03-06 23:16:56.506 ServerApp] Starting buffering for d16f4b88-54fe-4fce-aedd-ff6c9e9354c9:e1269216-91fd-40cb-868e-2898212ed11b
[I 2026-03-06 23:16:56.507 ServerApp] Starting buffering for 2a237a54-263c-4c91-84a3-050b36b9fe48:c0e95af3-9565-483c-9e78-f44b6029fdc7
[I 2026-03-06 23:16:56.508 ServerApp] Starting buffering for a9cd51f2-7667-46c3-8d83-9cc2912f4e16:d7874d57-2576-402b-ae94-c8ea8f34ead0
[I 2026-03-07 22:12:17.046 ServerApp] Adapting from protocol version 5.3 (kernel a9cd51f2-7667-46c3-8d83-9cc2912f4e16) to 5.4 (client).
[I 2026-03-07 22:12:17.047 ServerApp] Connecting to kernel a9cd51f2-7667-46c3-8d83-9cc2912f4e16.
[I 2026-03-07 22:12:17.048 ServerApp] Restoring connection for a9cd51f2-7667-46c3-8d83-9cc2912f4e16:d7874d57-2576-402b-ae94-c8ea8f34ead0
[I 2026-03-07 22:12:17.149 ServerApp] Starting buffering for a9cd51f2-7667-46c3-8d83-9cc2912f4e16:d7874d57-2576-402b-ae94-c8ea8f34ead0
[W 2026-03-07 22:12:18.679 LabApp] Could not determine jupyterlab build status without nodejs
[I 2026-03-07 22:12:18.692 ServerApp] Adapting from protocol version 5.3 (kernel 2a237a54-263c-4c91-84a3-050b36b9fe48) to 5.4 (client).
[I 2026-03-07 22:12:18.693 ServerApp] Connecting to kernel 2a237a54-263c-4c91-84a3-050b36b9fe48.
[I 2026-03-07 22:12:18.798 ServerApp] Adapting from protocol version 5.3 (kernel 67d3059f-8157-4434-b4fb-1efc250c0733) to 5.4 (client).
[I 2026-03-07 22:12:18.799 ServerApp] Connecting to kernel 67d3059f-8157-4434-b4fb-1efc250c0733.
[I 2026-03-07 22:12:18.873 ServerApp] Starting buffering for 2a237a54-263c-4c91-84a3-050b36b9fe48:ce64b86e-7473-49e1-b571-670cb23bd5b7
[I 2026-03-07 22:12:18.920 ServerApp] Adapting from protocol version 5.3 (kernel a9cd51f2-7667-46c3-8d83-9cc2912f4e16) to 5.4 (client).
[I 2026-03-07 22:12:18.921 ServerApp] Connecting to kernel a9cd51f2-7667-46c3-8d83-9cc2912f4e16.
[I 2026-03-07 22:12:19.023 ServerApp] Adapting from protocol version 5.3 (kernel d16f4b88-54fe-4fce-aedd-ff6c9e9354c9) to 5.4 (client).
[I 2026-03-07 22:12:19.024 ServerApp] Connecting to kernel d16f4b88-54fe-4fce-aedd-ff6c9e9354c9.
[I 2026-03-07 22:12:19.024 ServerApp] Discarding 21 buffered messages for d16f4b88-54fe-4fce-aedd-ff6c9e9354c9:e1269216-91fd-40cb-868e-2898212ed11b
[I 2026-03-07 22:12:19.080 ServerApp] Starting buffering for a9cd51f2-7667-46c3-8d83-9cc2912f4e16:44d1038f-b623-43da-82ea-fce6314db27d
[I 2026-03-07 22:12:19.225 ServerApp] Starting buffering for d16f4b88-54fe-4fce-aedd-ff6c9e9354c9:d0ad5c1d-1d44-4da6-bda6-8f1e8539e804
[I 2026-03-07 22:12:20.065 ServerApp] Adapting from protocol version 5.3 (kernel 2a237a54-263c-4c91-84a3-050b36b9fe48) to 5.4 (client).
[I 2026-03-07 22:12:20.066 ServerApp] Connecting to kernel 2a237a54-263c-4c91-84a3-050b36b9fe48.
[I 2026-03-07 22:12:20.204 ServerApp] Adapting from protocol version 5.3 (kernel 67d3059f-8157-4434-b4fb-1efc250c0733) to 5.4 (client).
[I 2026-03-07 22:12:20.204 ServerApp] Connecting to kernel 67d3059f-8157-4434-b4fb-1efc250c0733.
[I 2026-03-07 22:12:20.344 ServerApp] Adapting from protocol version 5.3 (kernel a9cd51f2-7667-46c3-8d83-9cc2912f4e16) to 5.4 (client).
[I 2026-03-07 22:12:20.345 ServerApp] Connecting to kernel a9cd51f2-7667-46c3-8d83-9cc2912f4e16.
[I 2026-03-07 22:12:20.373 ServerApp] Adapting from protocol version 5.3 (kernel d16f4b88-54fe-4fce-aedd-ff6c9e9354c9) to 5.4 (client).
[I 2026-03-07 22:12:20.374 ServerApp] Connecting to kernel d16f4b88-54fe-4fce-aedd-ff6c9e9354c9.
[I 2026-03-07 22:14:19.533 ServerApp] Saving file at /data_download.ipynb
[I 2026-03-07 22:16:19.854 ServerApp] Saving file at /sdss_data_preprocessing.ipynb
[I 2026-03-07 22:16:20.112 ServerApp] Saving file at /reproduce_figure3_ppplot.ipynb
